------------------------------------------------------------
TimeQuest Timing Analyzer Summary
------------------------------------------------------------

Type  : Slow 1200mV 85C Model Setup 'pll_inst|altpll_component|auto_generated|pll1|clk[0]'
Slack : -4.115
TNS   : -89.676

Type  : Slow 1200mV 85C Model Setup 'reset'
Slack : -1.968
TNS   : -9.634

Type  : Slow 1200mV 85C Model Hold 'pll_inst|altpll_component|auto_generated|pll1|clk[0]'
Slack : 0.385
TNS   : 0.000

Type  : Slow 1200mV 85C Model Hold 'reset'
Slack : 1.163
TNS   : 0.000

Type  : Slow 1200mV 85C Model Recovery 'pll_inst|altpll_component|auto_generated|pll1|clk[0]'
Slack : -2.201
TNS   : -141.944

Type  : Slow 1200mV 85C Model Removal 'pll_inst|altpll_component|auto_generated|pll1|clk[0]'
Slack : 0.994
TNS   : 0.000

Type  : Slow 1200mV 85C Model Minimum Pulse Width 'reset'
Slack : -3.000
TNS   : -3.000

Type  : Slow 1200mV 85C Model Minimum Pulse Width 'pll_inst|altpll_component|auto_generated|pll1|clk[0]'
Slack : 4.698
TNS   : 0.000

Type  : Slow 1200mV 85C Model Minimum Pulse Width 'clock'
Slack : 9.891
TNS   : 0.000

Type  : Slow 1200mV 0C Model Setup 'pll_inst|altpll_component|auto_generated|pll1|clk[0]'
Slack : -3.652
TNS   : -78.787

Type  : Slow 1200mV 0C Model Setup 'reset'
Slack : -1.810
TNS   : -8.870

Type  : Slow 1200mV 0C Model Hold 'pll_inst|altpll_component|auto_generated|pll1|clk[0]'
Slack : 0.337
TNS   : 0.000

Type  : Slow 1200mV 0C Model Hold 'reset'
Slack : 1.052
TNS   : 0.000

Type  : Slow 1200mV 0C Model Recovery 'pll_inst|altpll_component|auto_generated|pll1|clk[0]'
Slack : -1.843
TNS   : -117.766

Type  : Slow 1200mV 0C Model Removal 'pll_inst|altpll_component|auto_generated|pll1|clk[0]'
Slack : 0.850
TNS   : 0.000

Type  : Slow 1200mV 0C Model Minimum Pulse Width 'reset'
Slack : -3.000
TNS   : -3.000

Type  : Slow 1200mV 0C Model Minimum Pulse Width 'pll_inst|altpll_component|auto_generated|pll1|clk[0]'
Slack : 4.689
TNS   : 0.000

Type  : Slow 1200mV 0C Model Minimum Pulse Width 'clock'
Slack : 9.887
TNS   : 0.000

Type  : Fast 1200mV 0C Model Setup 'pll_inst|altpll_component|auto_generated|pll1|clk[0]'
Slack : -2.114
TNS   : -47.815

Type  : Fast 1200mV 0C Model Setup 'reset'
Slack : -0.699
TNS   : -3.332

Type  : Fast 1200mV 0C Model Hold 'pll_inst|altpll_component|auto_generated|pll1|clk[0]'
Slack : 0.173
TNS   : 0.000

Type  : Fast 1200mV 0C Model Hold 'reset'
Slack : 0.479
TNS   : 0.000

Type  : Fast 1200mV 0C Model Recovery 'pll_inst|altpll_component|auto_generated|pll1|clk[0]'
Slack : -1.269
TNS   : -83.832

Type  : Fast 1200mV 0C Model Removal 'pll_inst|altpll_component|auto_generated|pll1|clk[0]'
Slack : 0.427
TNS   : 0.000

Type  : Fast 1200mV 0C Model Minimum Pulse Width 'reset'
Slack : -3.000
TNS   : -3.000

Type  : Fast 1200mV 0C Model Minimum Pulse Width 'pll_inst|altpll_component|auto_generated|pll1|clk[0]'
Slack : 4.781
TNS   : 0.000

Type  : Fast 1200mV 0C Model Minimum Pulse Width 'clock'
Slack : 9.574
TNS   : 0.000

------------------------------------------------------------
